[INFO] Scanning for projects...
[INFO] 
[INFO] ---------------< com.sacmauquan.qrordering:qr-ordering >----------------
[INFO] Building qr-ordering 1.0-SNAPSHOT
[INFO]   from pom.xml
[INFO] --------------------------------[ jar ]---------------------------------
[INFO] 
[INFO] --- clean:3.4.0:clean (default-clean) @ qr-ordering ---
[INFO] Deleting /home/qhuy/Documents/order_by_qr/target
[INFO] 
[INFO] --- resources:3.3.1:resources (default-resources) @ qr-ordering ---
[INFO] Copying 1 resource from src/main/resources to target/classes
[INFO] Copying 0 resource from src/main/resources to target/classes
[INFO] 
[INFO] --- compiler:3.11.0:compile (default-compile) @ qr-ordering ---
[INFO] Changes detected - recompiling the module! :source
[INFO] Compiling 105 source files with javac [debug release 21] to target/classes
[INFO] ------------------------------------------------------------------------
[INFO] BUILD SUCCESS
[INFO] ------------------------------------------------------------------------
[INFO] Total time:  4.537 s
[INFO] Finished at: 2026-05-04T21:16:01+07:00
[INFO] ------------------------------------------------------------------------
